[2026-02-12 20:46:06] litespeed.181.124.224.197 [ERROR] PHP error {"type":"Warning","message":"require_once(/home1/siloecom/sistema.siloe.com.py/app/auth/../db.php): Failed to open stream: No such file or directory","file":"/home1/siloecom/sistema.siloe.com.py/app/auth/login.php","line":6}
[2026-02-12 20:46:06] litespeed.181.124.224.197 [ERROR] Uncaught exception {"type":"Error","message":"Failed opening required '/home1/siloecom/sistema.siloe.com.py/app/auth/../db.php' (include_path='.:/opt/cpanel/ea-php83/root/usr/share/pear')","file":"/home1/siloecom/sistema.siloe.com.py/app/auth/login.php","line":6}
[2026-02-12 20:46:06] litespeed.181.124.224.197 [ERROR] PHP error {"type":"Notice","message":"ob_clean(): Failed to delete buffer. No buffer to delete","file":"/home1/siloecom/sistema.siloe.com.py/app/bootstrap_core.php","line":27}
[2026-02-12 20:52:27] litespeed.181.124.224.197 [ERROR] PHP error {"type":"Warning","message":"require_once(/home1/siloecom/sistema.siloe.com.py/app/auth/../db.php): Failed to open stream: No such file or directory","file":"/home1/siloecom/sistema.siloe.com.py/app/auth/login.php","line":6}
[2026-02-12 20:52:27] litespeed.181.124.224.197 [ERROR] Uncaught exception {"type":"Error","message":"Failed opening required '/home1/siloecom/sistema.siloe.com.py/app/auth/../db.php' (include_path='.:/opt/cpanel/ea-php83/root/usr/share/pear')","file":"/home1/siloecom/sistema.siloe.com.py/app/auth/login.php","line":6}
[2026-02-12 20:52:27] litespeed.181.124.224.197 [ERROR] PHP error {"type":"Notice","message":"ob_clean(): Failed to delete buffer. No buffer to delete","file":"/home1/siloecom/sistema.siloe.com.py/app/bootstrap_core.php","line":27}
[2026-02-12 20:52:53] litespeed.181.124.224.197 [ERROR] PHP error {"type":"Warning","message":"require_once(/home1/siloecom/sistema.siloe.com.py/app/auth/../db.php): Failed to open stream: No such file or directory","file":"/home1/siloecom/sistema.siloe.com.py/app/auth/login.php","line":6}
[2026-02-12 20:52:53] litespeed.181.124.224.197 [ERROR] Uncaught exception {"type":"Error","message":"Failed opening required '/home1/siloecom/sistema.siloe.com.py/app/auth/../db.php' (include_path='.:/opt/cpanel/ea-php83/root/usr/share/pear')","file":"/home1/siloecom/sistema.siloe.com.py/app/auth/login.php","line":6}
[2026-02-12 20:52:53] litespeed.181.124.224.197 [ERROR] PHP error {"type":"Notice","message":"ob_clean(): Failed to delete buffer. No buffer to delete","file":"/home1/siloecom/sistema.siloe.com.py/app/bootstrap_core.php","line":27}
[2026-02-12 20:53:18] litespeed.181.124.224.197 [ERROR] PHP error {"type":"Warning","message":"require_once(/home1/siloecom/sistema.siloe.com.py/app/auth/../db.php): Failed to open stream: No such file or directory","file":"/home1/siloecom/sistema.siloe.com.py/app/auth/login.php","line":6}
[2026-02-12 20:53:18] litespeed.181.124.224.197 [ERROR] Uncaught exception {"type":"Error","message":"Failed opening required '/home1/siloecom/sistema.siloe.com.py/app/auth/../db.php' (include_path='.:/opt/cpanel/ea-php83/root/usr/share/pear')","file":"/home1/siloecom/sistema.siloe.com.py/app/auth/login.php","line":6}
[2026-02-12 20:53:18] litespeed.181.124.224.197 [ERROR] PHP error {"type":"Notice","message":"ob_clean(): Failed to delete buffer. No buffer to delete","file":"/home1/siloecom/sistema.siloe.com.py/app/bootstrap_core.php","line":27}
[2026-02-12 21:56:17] litespeed.181.124.224.197 [ERROR] PHP error {"type":"Warning","message":"require_once(/home1/siloecom/sistema.siloe.com.py/app/auth/../db.php): Failed to open stream: No such file or directory","file":"/home1/siloecom/sistema.siloe.com.py/app/auth/login.php","line":6}
[2026-02-12 21:56:17] litespeed.181.124.224.197 [ERROR] Uncaught exception {"type":"Error","message":"Failed opening required '/home1/siloecom/sistema.siloe.com.py/app/auth/../db.php' (include_path='.:/opt/cpanel/ea-php83/root/usr/share/pear')","file":"/home1/siloecom/sistema.siloe.com.py/app/auth/login.php","line":6}
[2026-02-12 21:56:17] litespeed.181.124.224.197 [ERROR] PHP error {"type":"Notice","message":"ob_clean(): Failed to delete buffer. No buffer to delete","file":"/home1/siloecom/sistema.siloe.com.py/app/bootstrap_core.php","line":39}
[2026-02-12 22:10:01] litespeed.181.124.224.197 [ERROR] PHP error {"type":"Warning","message":"require_once(/home1/siloecom/sistema.siloe.com.py/app/db.php): Failed to open stream: No such file or directory","file":"/home1/siloecom/sistema.siloe.com.py/app/domain.php","line":5}
[2026-02-12 22:10:01] litespeed.181.124.224.197 [ERROR] Uncaught exception {"type":"Error","message":"Failed opening required '/home1/siloecom/sistema.siloe.com.py/app/db.php' (include_path='.:/opt/cpanel/ea-php83/root/usr/share/pear')","file":"/home1/siloecom/sistema.siloe.com.py/app/domain.php","line":5}
[2026-02-12 22:10:01] litespeed.181.124.224.197 [ERROR] PHP error {"type":"Notice","message":"ob_clean(): Failed to delete buffer. No buffer to delete","file":"/home1/siloecom/sistema.siloe.com.py/app/bootstrap_core.php","line":39}
[2026-02-12 22:10:02] litespeed.181.124.224.197 [ERROR] PHP error {"type":"Warning","message":"require_once(/home1/siloecom/sistema.siloe.com.py/app/db.php): Failed to open stream: No such file or directory","file":"/home1/siloecom/sistema.siloe.com.py/app/domain.php","line":5}
[2026-02-12 22:10:02] litespeed.181.124.224.197 [ERROR] Uncaught exception {"type":"Error","message":"Failed opening required '/home1/siloecom/sistema.siloe.com.py/app/db.php' (include_path='.:/opt/cpanel/ea-php83/root/usr/share/pear')","file":"/home1/siloecom/sistema.siloe.com.py/app/domain.php","line":5}
[2026-02-12 22:10:02] litespeed.181.124.224.197 [ERROR] PHP error {"type":"Notice","message":"ob_clean(): Failed to delete buffer. No buffer to delete","file":"/home1/siloecom/sistema.siloe.com.py/app/bootstrap_core.php","line":39}
[2026-02-12 23:40:02] litespeed.181.124.224.197 [ERROR] Uncaught exception {"type":"PDOException","message":"SQLSTATE[HY000]: General error: 1 no such table: users","file":"/home1/siloecom/sistema.siloe.com.py/app/auth/login.php","line":35}
[2026-02-12 23:40:02] litespeed.181.124.224.197 [ERROR] PHP error {"type":"Notice","message":"ob_clean(): Failed to delete buffer. No buffer to delete","file":"/home1/siloecom/sistema.siloe.com.py/app/bootstrap_core.php","line":39}
[2026-02-12 23:46:34] litespeed.181.124.224.197 [ERROR] Uncaught exception {"type":"PDOException","message":"SQLSTATE[HY000]: General error: 1 no such table: users","file":"/home1/siloecom/sistema.siloe.com.py/app/auth/login.php","line":35}
[2026-02-12 23:46:34] litespeed.181.124.224.197 [ERROR] PHP error {"type":"Notice","message":"ob_clean(): Failed to delete buffer. No buffer to delete","file":"/home1/siloecom/sistema.siloe.com.py/app/bootstrap_core.php","line":39}
[2026-02-13 01:33:49] litespeed.181.124.224.197 [ERROR] Uncaught exception {"type":"PDOException","message":"SQLSTATE[HY000]: General error: 1 no such table: users","file":"/home1/siloecom/sistema.siloe.com.py/app/auth/login.php","line":35}
[2026-02-13 01:33:49] litespeed.181.124.224.197 [ERROR] PHP error {"type":"Notice","message":"ob_clean(): Failed to delete buffer. No buffer to delete","file":"/home1/siloecom/sistema.siloe.com.py/app/bootstrap_core.php","line":39}
[2026-02-13 01:34:52] litespeed.181.124.224.197 [ERROR] Uncaught exception {"type":"PDOException","message":"SQLSTATE[HY000]: General error: 1 no such table: users","file":"/home1/siloecom/sistema.siloe.com.py/app/auth/login.php","line":35}
[2026-02-13 01:34:52] litespeed.181.124.224.197 [ERROR] PHP error {"type":"Notice","message":"ob_clean(): Failed to delete buffer. No buffer to delete","file":"/home1/siloecom/sistema.siloe.com.py/app/bootstrap_core.php","line":39}
[2026-02-13 01:47:11] litespeed.181.124.224.197 [ERROR] Uncaught exception {"type":"PDOException","message":"SQLSTATE[HY000]: General error: 1 no such table: users","file":"/home1/siloecom/sistema.siloe.com.py/app/auth/login.php","line":35}
[2026-02-13 01:47:11] litespeed.181.124.224.197 [ERROR] PHP error {"type":"Notice","message":"ob_clean(): Failed to delete buffer. No buffer to delete","file":"/home1/siloecom/sistema.siloe.com.py/app/bootstrap_core.php","line":39}
[2026-02-13 01:47:28] litespeed.181.124.224.197 [ERROR] Uncaught exception {"type":"PDOException","message":"SQLSTATE[HY000]: General error: 1 no such table: users","file":"/home1/siloecom/sistema.siloe.com.py/app/auth/login.php","line":35}
[2026-02-13 01:47:28] litespeed.181.124.224.197 [ERROR] PHP error {"type":"Notice","message":"ob_clean(): Failed to delete buffer. No buffer to delete","file":"/home1/siloecom/sistema.siloe.com.py/app/bootstrap_core.php","line":39}
[2026-02-13 01:47:55] litespeed.181.124.224.197 [ERROR] Uncaught exception {"type":"PDOException","message":"SQLSTATE[HY000]: General error: 1 no such table: users","file":"/home1/siloecom/sistema.siloe.com.py/app/auth/login.php","line":35}
[2026-02-13 01:47:55] litespeed.181.124.224.197 [ERROR] PHP error {"type":"Notice","message":"ob_clean(): Failed to delete buffer. No buffer to delete","file":"/home1/siloecom/sistema.siloe.com.py/app/bootstrap_core.php","line":39}
[2026-02-13 01:48:21] litespeed.181.124.224.197 [ERROR] Uncaught exception {"type":"PDOException","message":"SQLSTATE[HY000]: General error: 1 no such table: users","file":"/home1/siloecom/sistema.siloe.com.py/app/auth/login.php","line":35}
[2026-02-13 01:48:21] litespeed.181.124.224.197 [ERROR] PHP error {"type":"Notice","message":"ob_clean(): Failed to delete buffer. No buffer to delete","file":"/home1/siloecom/sistema.siloe.com.py/app/bootstrap_core.php","line":39}
